This is pdfTeX, Version 3.141592653-2.6-1.40.25 (MiKTeX 24.1) (preloaded format=pdflatex 2025.11.15)  20 MAY 2026 13:35
entering extended mode
 restricted \write18 enabled.
 file:line:error style messages enabled.
 %&-line parsing enabled.
**k:/1/Preparation_of_Papers_for_IEEE_ACCESS/demo.tex
(k:/1/Preparation_of_Papers_for_IEEE_ACCESS/demo.tex
LaTeX2e <2023-11-01> patch level 1
L3 programming layer <2024-01-04>
(ieeeaccess.cls (IEEEtran.cls
Document Class: IEEEtran 2015/08/26 V1.8b by Michael Shell
-- See the "IEEEtran_HOWTO" manual for usage information.
-- http://www.michaelshell.org/tex/ieeetran/
\@IEEEtrantmpdimenA=\dimen140
\@IEEEtrantmpdimenB=\dimen141
\@IEEEtrantmpdimenC=\dimen142
\@IEEEtrantmpcountA=\count187
\@IEEEtrantmpcountB=\count188
\@IEEEtrantmpcountC=\count189
\@IEEEtrantmptoksA=\toks17
LaTeX Font Info:    Trying to load font information for OT1+ptm on input line 503.
(C:\Users\HP\AppData\Local\Programs\MiKTeX\tex/latex/psnfss\ot1ptm.fd
File: ot1ptm.fd 2001/06/04 font definitions for OT1/ptm.
)
-- Using 8.5in x 11in (letter) paper.
-- Using PDF output.
\@IEEEnormalsizeunitybaselineskip=\dimen143
-- This is a 10 point document.
\CLASSINFOnormalsizebaselineskip=\dimen144
\CLASSINFOnormalsizeunitybaselineskip=\dimen145
\IEEEnormaljot=\dimen146
LaTeX Font Info:    Font shape `OT1/ptm/bx/n' in size <5> not available
(Font)              Font shape `OT1/ptm/b/n' tried instead on input line 1090.
LaTeX Font Info:    Font shape `OT1/ptm/bx/it' in size <5> not available
(Font)              Font shape `OT1/ptm/b/it' tried instead on input line 1090.
LaTeX Font Info:    Font shape `OT1/ptm/bx/n' in size <7> not available
(Font)              Font shape `OT1/ptm/b/n' tried instead on input line 1090.
LaTeX Font Info:    Font shape `OT1/ptm/bx/it' in size <7> not available
(Font)              Font shape `OT1/ptm/b/it' tried instead on input line 1090.
LaTeX Font Info:    Font shape `OT1/ptm/bx/n' in size <8> not available
(Font)              Font shape `OT1/ptm/b/n' tried instead on input line 1090.
LaTeX Font Info:    Font shape `OT1/ptm/bx/it' in size <8> not available
(Font)              Font shape `OT1/ptm/b/it' tried instead on input line 1090.
LaTeX Font Info:    Font shape `OT1/ptm/bx/n' in size <9> not available
(Font)              Font shape `OT1/ptm/b/n' tried instead on input line 1090.
LaTeX Font Info:    Font shape `OT1/ptm/bx/it' in size <9> not available
(Font)              Font shape `OT1/ptm/b/it' tried instead on input line 1090.
LaTeX Font Info:    Font shape `OT1/ptm/bx/n' in size <10> not available
(Font)              Font shape `OT1/ptm/b/n' tried instead on input line 1090.
LaTeX Font Info:    Font shape `OT1/ptm/bx/it' in size <10> not available
(Font)              Font shape `OT1/ptm/b/it' tried instead on input line 1090.
LaTeX Font Info:    Font shape `OT1/ptm/bx/n' in size <11> not available
(Font)              Font shape `OT1/ptm/b/n' tried instead on input line 1090.
LaTeX Font Info:    Font shape `OT1/ptm/bx/it' in size <11> not available
(Font)              Font shape `OT1/ptm/b/it' tried instead on input line 1090.
LaTeX Font Info:    Font shape `OT1/ptm/bx/n' in size <12> not available
(Font)              Font shape `OT1/ptm/b/n' tried instead on input line 1090.
LaTeX Font Info:    Font shape `OT1/ptm/bx/it' in size <12> not available
(Font)              Font shape `OT1/ptm/b/it' tried instead on input line 1090.
LaTeX Font Info:    Font shape `OT1/ptm/bx/n' in size <17> not available
(Font)              Font shape `OT1/ptm/b/n' tried instead on input line 1090.
LaTeX Font Info:    Font shape `OT1/ptm/bx/it' in size <17> not available
(Font)              Font shape `OT1/ptm/b/it' tried instead on input line 1090.
LaTeX Font Info:    Font shape `OT1/ptm/bx/n' in size <20> not available
(Font)              Font shape `OT1/ptm/b/n' tried instead on input line 1090.
LaTeX Font Info:    Font shape `OT1/ptm/bx/it' in size <20> not available
(Font)              Font shape `OT1/ptm/b/it' tried instead on input line 1090.
LaTeX Font Info:    Font shape `OT1/ptm/bx/n' in size <24> not available
(Font)              Font shape `OT1/ptm/b/n' tried instead on input line 1090.
LaTeX Font Info:    Font shape `OT1/ptm/bx/it' in size <24> not available
(Font)              Font shape `OT1/ptm/b/it' tried instead on input line 1090.
\IEEEquantizedlength=\dimen147
\IEEEquantizedlengthdiff=\dimen148
\IEEEquantizedtextheightdiff=\dimen149
\IEEEilabelindentA=\dimen150
\IEEEilabelindentB=\dimen151
\IEEEilabelindent=\dimen152
\IEEEelabelindent=\dimen153
\IEEEdlabelindent=\dimen154
\IEEElabelindent=\dimen155
\IEEEiednormlabelsep=\dimen156
\IEEEiedmathlabelsep=\dimen157
\IEEEiedtopsep=\skip48
\c@section=\count190
\c@subsection=\count191
\c@subsubsection=\count192
\c@paragraph=\count193
\c@IEEEsubequation=\count194
\abovecaptionskip=\skip49
\belowcaptionskip=\skip50
\c@figure=\count195
\c@table=\count196
\@IEEEeqnnumcols=\count197
\@IEEEeqncolcnt=\count198
\@IEEEsubeqnnumrollback=\count199
\@IEEEquantizeheightA=\dimen158
\@IEEEquantizeheightB=\dimen159
\@IEEEquantizeheightC=\dimen160
\@IEEEquantizeprevdepth=\dimen161
\@IEEEquantizemultiple=\count266
\@IEEEquantizeboxA=\box51
\@IEEEtmpitemindent=\dimen162
\IEEEPARstartletwidth=\dimen163
\c@IEEEbiography=\count267
\@IEEEtranrubishbin=\box52
) (C:\Users\HP\AppData\Local\Programs\MiKTeX\tex/generic/iftex\ifpdf.sty
Package: ifpdf 2019/10/25 v3.4 ifpdf legacy package. Use iftex instead.
 (C:\Users\HP\AppData\Local\Programs\MiKTeX\tex/generic/iftex\iftex.sty
Package: iftex 2022/02/03 v1.0f TeX engine tests
)) (C:\Users\HP\AppData\Local\Programs\MiKTeX\tex/latex/xkeyval\xkeyval.sty
Package: xkeyval 2022/06/16 v2.9 package option processing (HA)
 (C:\Users\HP\AppData\Local\Programs\MiKTeX\tex/generic/xkeyval\xkeyval.tex (C:\Users\HP\AppData\Local\Programs\MiKTeX\tex/generic/xkeyval\xkvutils.tex
\XKV@toks=\toks18
\XKV@tempa@toks=\toks19
 (C:\Users\HP\AppData\Local\Programs\MiKTeX\tex/generic/xkeyval\keyval.tex))
\XKV@depth=\count268
File: xkeyval.tex 2014/12/03 v2.7a key=value parser (HA)
)){C:/Users/HP/AppData/Local/MiKTeX/fonts/map/pdftex/pdftex.map}{./t1-times.map}{./t1-formata.map}{./t1-giovannistd.map}
\@draftversionrule=\dimen164
 (C:\Users\HP\AppData\Local\Programs\MiKTeX\tex/latex/graphics\color.sty
Package: color 2022/01/06 v1.3d Standard LaTeX Color (DPC)
 (C:\Users\HP\AppData\Local\Programs\MiKTeX\tex/latex/graphics-cfg\color.cfg
File: color.cfg 2016/01/02 v1.6 sample color configuration
)
Package color Info: Driver file: pdftex.def on input line 149.
 (C:\Users\HP\AppData\Local\Programs\MiKTeX\tex/latex/graphics-def\pdftex.def
File: pdftex.def 2022/09/22 v1.2b Graphics/color driver for pdftex
) (C:\Users\HP\AppData\Local\Programs\MiKTeX\tex/latex/graphics\mathcolor.ltx)) (spotcolor.sty
Package: spotcolor 2006/11/15 v1.2 Package for adding Spot Color support to pdfLaTeX.
 (C:\Users\HP\AppData\Local\Programs\MiKTeX\tex/latex/graphics\graphics.sty
Package: graphics 2022/03/10 v1.4e Standard LaTeX Graphics (DPC,SPQR)
 (C:\Users\HP\AppData\Local\Programs\MiKTeX\tex/latex/graphics\trig.sty
Package: trig 2021/08/11 v1.11 sin cos tan (DPC)
) (C:\Users\HP\AppData\Local\Programs\MiKTeX\tex/latex/graphics-cfg\graphics.cfg
File: graphics.cfg 2016/06/04 v1.11 sample graphics configuration
)
Package graphics Info: Driver file: pdftex.def on input line 107.
)
\thecolorprofile=\count269
\thecolor=\count270
)
\PANTONE=\toks20
Package color Info: Redefining color black on input line 287.
\figbox=\box53
\titlewidth=\skip51
\abstractwidth=\skip52
\c@addrCtr=\count271
\abstractbox=\box54
\indexbox=\box55
\absht=\dimen165
\kwdht=\dimen166
\@tempcntc=\count272
\titlepgskip=\skip53
\maketitlebox=\box56
) (C:\Users\HP\AppData\Local\Programs\MiKTeX\tex/latex/cite\cite.sty
LaTeX Info: Redefining \cite on input line 302.
LaTeX Info: Redefining \nocite on input line 332.
Package: cite 2015/02/27  v 5.5
) (C:\Users\HP\AppData\Local\Programs\MiKTeX\tex/latex/amsmath\amsmath.sty
Package: amsmath 2023/05/13 v2.17o AMS math features
\@mathmargin=\skip54

For additional information on amsmath, use the `?' option.
(C:\Users\HP\AppData\Local\Programs\MiKTeX\tex/latex/amsmath\amstext.sty
Package: amstext 2021/08/26 v2.01 AMS text
 (C:\Users\HP\AppData\Local\Programs\MiKTeX\tex/latex/amsmath\amsgen.sty
File: amsgen.sty 1999/11/30 v2.0 generic functions
\@emptytoks=\toks21
\ex@=\dimen167
)) (C:\Users\HP\AppData\Local\Programs\MiKTeX\tex/latex/amsmath\amsbsy.sty
Package: amsbsy 1999/11/29 v1.2d Bold Symbols
\pmbraise@=\dimen168
) (C:\Users\HP\AppData\Local\Programs\MiKTeX\tex/latex/amsmath\amsopn.sty
Package: amsopn 2022/04/08 v2.04 operator names
)
\inf@bad=\count273
LaTeX Info: Redefining \frac on input line 234.
\uproot@=\count274
\leftroot@=\count275
LaTeX Info: Redefining \overline on input line 399.
LaTeX Info: Redefining \colon on input line 410.
\classnum@=\count276
\DOTSCASE@=\count277
LaTeX Info: Redefining \ldots on input line 496.
LaTeX Info: Redefining \dots on input line 499.
LaTeX Info: Redefining \cdots on input line 620.
\Mathstrutbox@=\box57
\strutbox@=\box58
LaTeX Info: Redefining \big on input line 722.
LaTeX Info: Redefining \Big on input line 723.
LaTeX Info: Redefining \bigg on input line 724.
LaTeX Info: Redefining \Bigg on input line 725.
\big@size=\dimen169
LaTeX Font Info:    Redeclaring font encoding OML on input line 743.
LaTeX Font Info:    Redeclaring font encoding OMS on input line 744.
\macc@depth=\count278
LaTeX Info: Redefining \bmod on input line 905.
LaTeX Info: Redefining \pmod on input line 910.
LaTeX Info: Redefining \smash on input line 940.
LaTeX Info: Redefining \relbar on input line 970.
LaTeX Info: Redefining \Relbar on input line 971.
\c@MaxMatrixCols=\count279
\dotsspace@=\muskip16
\c@parentequation=\count280
\dspbrk@lvl=\count281
\tag@help=\toks22
\row@=\count282
\column@=\count283
\maxfields@=\count284
\andhelp@=\toks23
\eqnshift@=\dimen170
\alignsep@=\dimen171
\tagshift@=\dimen172
\tagwidth@=\dimen173
\totwidth@=\dimen174
\lineht@=\dimen175
\@envbody=\toks24
\multlinegap=\skip55
\multlinetaggap=\skip56
\mathdisplay@stack=\toks25
LaTeX Info: Redefining \[ on input line 2953.
LaTeX Info: Redefining \] on input line 2954.
) (C:\Users\HP\AppData\Local\Programs\MiKTeX\tex/latex/amsfonts\amssymb.sty
Package: amssymb 2013/01/14 v3.01 AMS font symbols
 (C:\Users\HP\AppData\Local\Programs\MiKTeX\tex/latex/amsfonts\amsfonts.sty
Package: amsfonts 2013/01/14 v3.01 Basic AMSFonts support
\symAMSa=\mathgroup4
\symAMSb=\mathgroup5
LaTeX Font Info:    Redeclaring math symbol \hbar on input line 98.
LaTeX Font Info:    Overwriting math alphabet `\mathfrak' in version `bold'
(Font)                  U/euf/m/n --> U/euf/b/n on input line 106.
)) (C:\Users\HP\AppData\Local\Programs\MiKTeX\tex/latex/algorithms\algorithmic.sty
Package: algorithmic 2009/08/24 v0.1 Document Style `algorithmic'
 (C:\Users\HP\AppData\Local\Programs\MiKTeX\tex/latex/base\ifthen.sty
Package: ifthen 2022/04/13 v1.1d Standard LaTeX ifthen package (DPC)
)
\c@ALC@unique=\count285
\c@ALC@line=\count286
\c@ALC@rem=\count287
\c@ALC@depth=\count288
\ALC@tlm=\skip57
\algorithmicindent=\skip58
) (C:\Users\HP\AppData\Local\Programs\MiKTeX\tex/latex/algorithms\algorithm.sty
Package: algorithm 2009/08/24 v0.1 Document Style `algorithm' - floating environment
 (C:\Users\HP\AppData\Local\Programs\MiKTeX\tex/latex/float\float.sty
Package: float 2001/11/08 v1.3d Float enhancements (AL)
\c@float@type=\count289
\float@exts=\toks26
\float@box=\box59
\@float@everytoks=\toks27
\@floatcapt=\box60
)
\@float@every@algorithm=\toks28
\c@algorithm=\count290
) (C:\Users\HP\AppData\Local\Programs\MiKTeX\tex/latex/graphics\graphicx.sty
Package: graphicx 2021/09/16 v1.2d Enhanced LaTeX Graphics (DPC,SPQR)
\Gin@req@height=\dimen176
\Gin@req@width=\dimen177
) (C:\Users\HP\AppData\Local\Programs\MiKTeX\tex/latex/base\textcomp.sty
Package: textcomp 2020/02/02 v2.0n Standard LaTeX package
) (C:\Users\HP\AppData\Local\Programs\MiKTeX\tex/latex/booktabs\booktabs.sty
Package: booktabs 2020/01/12 v1.61803398 Publication quality tables
\heavyrulewidth=\dimen178
\lightrulewidth=\dimen179
\cmidrulewidth=\dimen180
\belowrulesep=\dimen181
\belowbottomsep=\dimen182
\aboverulesep=\dimen183
\abovetopsep=\dimen184
\cmidrulesep=\dimen185
\cmidrulekern=\dimen186
\defaultaddspace=\dimen187
\@cmidla=\count291
\@cmidlb=\count292
\@aboverulesep=\dimen188
\@belowrulesep=\dimen189
\@thisruleclass=\count293
\@lastruleclass=\count294
\@thisrulewidth=\dimen190
) (C:\Users\HP\AppData\Local\Programs\MiKTeX\tex/latex/multirow\multirow.sty
Package: multirow 2024/11/12 v2.9 Span multiple rows of a table
\multirow@colwidth=\skip59
\multirow@cntb=\count295
\multirow@dima=\skip60
\bigstrutjot=\dimen191
) (C:\Users\HP\AppData\Local\Programs\MiKTeX\tex/latex/caption\subcaption.sty
Package: subcaption 2023/07/28 v1.6b Sub-captions (AR)
 (C:\Users\HP\AppData\Local\Programs\MiKTeX\tex/latex/caption\caption.sty
Package: caption 2023/08/05 v3.6o Customizing captions (AR)
 (C:\Users\HP\AppData\Local\Programs\MiKTeX\tex/latex/caption\caption3.sty
Package: caption3 2023/07/31 v2.4d caption3 kernel (AR)
\caption@tempdima=\dimen192
\captionmargin=\dimen193
\caption@leftmargin=\dimen194
\caption@rightmargin=\dimen195
\caption@width=\dimen196
\caption@indent=\dimen197
\caption@parindent=\dimen198
\caption@hangindent=\dimen199
Package caption Info: Unknown document class (or package),
(caption)             standard defaults will be used.
Package caption Info: \@makecaption = \long macro:#1#2->\ifx \@captype \@IEEEtablestring \begin {flushleft} \vspace *{5pt} {\vss \color {accessblue}\tablecapheadfont #1. \ }{\raggedright \tablecapfont #2\vss }\end {flushleft} \@IEEEtablecaptionsepspace \else \@IEEEfigurecaptionsepspace \setbox \@tempboxa \hbox {\strut {\color {accessblue}\figcapheadfont #1. \ }\raggedright \figcapfont #2\strut }\ifdim \wd \@tempboxa <\columnwidth \setbox \@tempboxa \hbox {{\color {accessblue}\figcapheadfont #1. \ }}\mbox {}\hfill \begin {tabular}{@{}l@{}}\noindent \raggedright \unhbox \@tempboxa \figcapfont #2\end {tabular}\hfill \mbox {}\else \setbox \@tempboxa \hbox {{\color {accessblue}\figcapheadfont #1. \ }}{\vss \raggedright \noindent \unhbox \@tempboxa \figcapfont #2\vss }\fi \fi \vskip 1pt plus 1pt minus 1pt on input line 1175.
)

Package caption Warning: Unknown document class (or package),
(caption)                standard defaults will be used.
See the caption package documentation for explanation.

\c@caption@flags=\count296
\c@continuedfloat=\count297
Package caption Info: float package is loaded.
)
Package caption Info: New subtype `subfigure' on input line 238.
\c@subfigure=\count298
Package caption Info: New subtype `subtable' on input line 238.
\c@subtable=\count299
) (C:\Users\HP\AppData\Local\Programs\MiKTeX\tex/latex/tools\bm.sty
Package: bm 2023/07/08 v1.2f Bold Symbol Support (DPC/FMi)
\symboldoperators=\mathgroup6
\symboldletters=\mathgroup7
\symboldsymbols=\mathgroup8
Package bm Info: No bold for \OMX/cmex/m/n, using \pmb.
Package bm Info: No bold for \U/msa/m/n, using \pmb.
Package bm Info: No bold for \U/msb/m/n, using \pmb.
LaTeX Font Info:    Redeclaring math alphabet \mathbf on input line 149.
) (C:\Users\HP\AppData\Local\Programs\MiKTeX\tex/latex/l3backend\l3backend-pdftex.def
File: l3backend-pdftex.def 2024-01-04 L3 backend support: PDF output (pdfTeX)
\l__color_backend_stack_int=\count300
\l__pdf_internal_box=\box61
)
No file demo.aux.
\openout1 = `demo.aux'.

LaTeX Font Info:    Checking defaults for OML/cmm/m/it on input line 29.
LaTeX Font Info:    ... okay on input line 29.
LaTeX Font Info:    Checking defaults for OMS/cmsy/m/n on input line 29.
LaTeX Font Info:    ... okay on input line 29.
LaTeX Font Info:    Checking defaults for OT1/cmr/m/n on input line 29.
LaTeX Font Info:    ... okay on input line 29.
LaTeX Font Info:    Checking defaults for T1/cmr/m/n on input line 29.
LaTeX Font Info:    ... okay on input line 29.
LaTeX Font Info:    Checking defaults for TS1/cmr/m/n on input line 29.
LaTeX Font Info:    ... okay on input line 29.
LaTeX Font Info:    Checking defaults for OMX/cmex/m/n on input line 29.
LaTeX Font Info:    ... okay on input line 29.
LaTeX Font Info:    Checking defaults for U/cmr/m/n on input line 29.
LaTeX Font Info:    ... okay on input line 29.
-- Lines per column: 56 (exact).
\symNewLetters=\mathgroup9
\symxsymbols=\mathgroup10
LaTeX Font Info:    Redeclaring math symbol \ddagger on input line 29.
LaTeX Font Info:    Redeclaring math symbol \dagger on input line 29.
\c@mv@regular=\count301
LaTeX Font Info:    Encoding `OT1' has changed to `T1' for symbol font
(Font)              `operators' in the math version `regular' on input line 29.
LaTeX Font Info:    Overwriting symbol font `operators' in version `regular'
(Font)                  OT1/cmr/m/n --> T1/formata/n/n on input line 29.
LaTeX Font Info:    Overwriting symbol font `NewLetters' in version `regular'
(Font)                  T1/times/n/it --> T1/formata/n/it on input line 29.
LaTeX Font Info:    Overwriting math alphabet `\mathrm' in version `regular'
(Font)                  T1/formata/n/n --> T1/formata/n/n on input line 29.
LaTeX Font Info:    Overwriting math alphabet `\mathit' in version `regular'
(Font)                  OT1/cmr/m/it --> T1/formata/n/it on input line 29.
LaTeX Font Info:    Overwriting math alphabet `\mathbf' in version `regular'
(Font)                  OT1/cmr/bx/n --> T1/formata/m/n on input line 29.
LaTeX Font Info:    Overwriting math alphabet `\mathtt' in version `regular'
(Font)                  OT1/cmtt/m/n --> OT1/pcr/m/n on input line 29.
\c@mv@medium=\count302
LaTeX Font Info:    Encoding `OT1' has changed to `T1' for symbol font
(Font)              `operators' in the math version `medium' on input line 29.
LaTeX Font Info:    Overwriting symbol font `operators' in version `medium'
(Font)                  OT1/cmr/m/n --> T1/formata/m/n on input line 29.
LaTeX Font Info:    Overwriting symbol font `NewLetters' in version `medium'
(Font)                  T1/times/n/it --> T1/formata/m/it on input line 29.
LaTeX Font Info:    Overwriting math alphabet `\mathrm' in version `medium'
(Font)                  > T1/formata/m/n on input line 29.
LaTeX Font Info:    Overwriting math alphabet `\mathit' in version `medium'
(Font)                  OT1/cmr/m/it --> T1/formata/m/it on input line 29.
LaTeX Font Info:    Overwriting math alphabet `\mathbf' in version `medium'
(Font)                  > T1/formata/b/n on input line 29.
LaTeX Font Info:    Overwriting math alphabet `\mathtt' in version `medium'
(Font)                  OT1/cmtt/m/n --> OT1/pcr/b/n on input line 29.
\c@mv@black=\count303
LaTeX Font Info:    Encoding `OT1' has changed to `T1' for symbol font
(Font)              `operators' in the math version `black' on input line 29.
LaTeX Font Info:    Overwriting symbol font `operators' in version `black'
(Font)                  OT1/cmr/m/n --> T1/formata/b/n on input line 29.
LaTeX Font Info:    Overwriting symbol font `NewLetters' in version `black'
(Font)                  T1/times/n/it --> T1/formata/b/it on input line 29.
LaTeX Font Info:    Overwriting math alphabet `\mathrm' in version `black'
(Font)                  > T1/formata/b/n on input line 29.
LaTeX Font Info:    Overwriting math alphabet `\mathit' in version `black'
(Font)                  OT1/cmr/m/it --> T1/formata/b/it on input line 29.
LaTeX Font Info:    Overwriting math alphabet `\mathbf' in version `black'
(Font)                  > T1/formata/b/n on input line 29.
LaTeX Font Info:    Overwriting math alphabet `\mathtt' in version `black'
(Font)                  OT1/cmtt/m/n --> OT1/pcr/b/n on input line 29.
LaTeX Font Info:    Trying to load font information for T1+ptm on input line 29.
(C:\Users\HP\AppData\Local\Programs\MiKTeX\tex/latex/psnfss\t1ptm.fd
File: t1ptm.fd 2001/06/04 font definitions for T1/ptm.
)
LaTeX Font Info:    Trying to load font information for T1+times on input line 29.
 (t1times.fd) (C:\Users\HP\AppData\Local\Programs\MiKTeX\tex/context/base/mkii\supp-pdf.mkii
[Loading MPS to PDF converter (version 2006.09.02).]
\scratchcounter=\count304
\scratchdimen=\dimen256
\scratchbox=\box62
\nofMPsegments=\count305
\nofMParguments=\count306
\everyMPshowfont=\toks29
\MPscratchCnt=\count307
\MPscratchDim=\dimen257
\MPnumerator=\count308
\makeMPintoPDFobject=\count309
\everyMPtoPDFconversion=\toks30
) (C:\Users\HP\AppData\Local\Programs\MiKTeX\tex/latex/epstopdf-pkg\epstopdf-base.sty
Package: epstopdf-base 2020-01-24 v2.11 Base part for package epstopdf
Package epstopdf-base Info: Redefining graphics rule for `.eps' on input line 485.
 (C:\Users\HP\AppData\Local\Programs\MiKTeX\tex/latex/00miktex\epstopdf-sys.cfg
File: epstopdf-sys.cfg 2021/03/18 v2.0 Configuration of epstopdf for MiKTeX
))
Package caption Info: Begin \AtBeginDocument code.
Package caption Info: End \AtBeginDocument code.
LaTeX Font Info:    Redeclaring math version `bold' on input line 29.
LaTeX Font Info:    Encoding `OT1' has changed to `T1' for symbol font
(Font)              `operators' in the math version `bold' on input line 29.
LaTeX Font Info:    Overwriting symbol font `operators' in version `bold'
(Font)                  OT1/cmr/m/n --> T1/times/b/n on input line 29.
LaTeX Font Info:    Overwriting symbol font `NewLetters' in version `bold'
(Font)                  T1/times/n/it --> T1/times/b/it on input line 29.
LaTeX Font Info:    Overwriting math alphabet `\mathrm' in version `bold'
(Font)                  > T1/times/b/n on input line 29.
LaTeX Font Info:    Overwriting math alphabet `\mathit' in version `bold'
(Font)                  OT1/cmr/m/it --> T1/times/b/it on input line 29.
LaTeX Font Info:    Overwriting math alphabet `\mathbf' in version `bold'
(Font)                  > T1/times/b/n on input line 29.
LaTeX Font Info:    Overwriting math alphabet `\mathtt' in version `bold'
(Font)                  OT1/cmtt/m/n --> OT1/pcr/b/n on input line 29.
LaTeX Font Info:    Overwriting symbol font `symbols' in version `bold'
(Font)                  OMS/cmsy/m/n --> OMS/cmsy/b/n on input line 29.
<bullet.png, id=3, 12.045pt x 35.38219pt>
File: bullet.png Graphic file (type png)
<use bullet.png>
Package pdftex.def Info: bullet.png  used on input line 58.
(pdftex.def)             Requested size: 5.0pt x 14.6871pt.
File: bullet.png Graphic file (type png)
<use bullet.png>
Package pdftex.def Info: bullet.png  used on input line 62.
(pdftex.def)             Requested size: 5.0pt x 14.6871pt.
LaTeX Font Info:    Trying to load font information for U+msa on input line 68.
 (C:\Users\HP\AppData\Local\Programs\MiKTeX\tex/latex/amsfonts\umsa.fd
File: umsa.fd 2013/01/14 v3.01 AMS symbols A
)
LaTeX Font Info:    Trying to load font information for U+msb on input line 68.
 (C:\Users\HP\AppData\Local\Programs\MiKTeX\tex/latex/amsfonts\umsb.fd
File: umsb.fd 2013/01/14 v3.01 AMS symbols B
)
LaTeX Font Info:    Calculating math sizes for size <9.9> on input line 68.
LaTeX Font Info:    Calculating math sizes for size <6.6> on input line 68.

k:/1/Preparation_of_Papers_for_IEEE_ACCESS/demo.tex:68: Undefined control sequence.
\@corresp ...Code and data are available at: \url 
                                                  {https://github.com/nmindu...
l.68 \maketitle
               
The control sequence at the end of the top line
of your error message was never \def'ed. If you have
misspelled it (e.g., `\hobx'), type `I' and the correct
spelling (e.g., `I\hbox'). Otherwise just continue,
and I'll forget about whatever was undefined.


Overfull \hbox (9.2679pt too wide) in paragraph at lines 68--68
[]  
 []


Overfull \hbox (9.2679pt too wide) in paragraph at lines 68--68
[]  
 []


LaTeX Warning: Citation `vietnamnews2025' on page 1 undefined on input line 72.


LaTeX Warning: Citation `ha2025' on page 1 undefined on input line 74.


Underfull \vbox (badness 7081) has occurred while \output is active []


Underfull \hbox (badness 10000) in paragraph at lines 76--77
[]\T1/times/n/n/10 Integrating deep learn-ing with multi-agent sys-tems
 []


Underfull \vbox (badness 10000) has occurred while \output is active []

<logo.png, id=4, 206.27063pt x 53.44969pt>
File: logo.png Graphic file (type png)
<use logo.png>
Package pdftex.def Info: logo.png  used on input line 77.
(pdftex.def)             Requested size: 91.32pt x 23.66309pt.

Overfull \hbox (505.12177pt too wide) has occurred while \output is active
[]
 []


Overfull \hbox (505.12177pt too wide) has occurred while \output is active
[]
 []


Overfull \hbox (505.12177pt too wide) has occurred while \output is active
[]
 []


Underfull \hbox (badness 10000) has occurred while \output is active
[]
 []

[1


 <./logo.png> <./bullet.png>]

LaTeX Warning: Citation `WorldFederation2024' on page 2 undefined on input line 98.


LaTeX Warning: Citation `Jones2019HFT' on page 2 undefined on input line 98.


LaTeX Warning: Citation `HOSE2024Report' on page 2 undefined on input line 100.


LaTeX Warning: Citation `ADB2024' on page 2 undefined on input line 100.


LaTeX Warning: Citation `Nguyen2022Microstructure' on page 2 undefined on input line 100.


Underfull \hbox (badness 7099) in paragraph at lines 100--101
[]\T1/times/n/n/10 In com-par-i-son, Viet-nam's stock mar-ket, com-pris-ing
 []


LaTeX Warning: Citation `SSI2024Retail' on page 2 undefined on input line 102.


LaTeX Warning: Citation `StateBank2023' on page 2 undefined on input line 102.


LaTeX Warning: Citation `BloombergAI2023' on page 2 undefined on input line 102.


LaTeX Warning: Citation `kim2003' on page 2 undefined on input line 107.


LaTeX Warning: Citation `huang2005' on page 2 undefined on input line 107.


LaTeX Warning: Citation `patel2015' on page 2 undefined on input line 107.


LaTeX Warning: Citation `fischer2018' on page 2 undefined on input line 107.


LaTeX Warning: Citation `chen2015' on page 2 undefined on input line 107.


LaTeX Warning: Citation `lebaron2006' on page 2 undefined on input line 109.


LaTeX Warning: Citation `chen2012' on page 2 undefined on input line 109.


LaTeX Warning: Citation `olfati2007consensus' on page 2 undefined on input line 109.


LaTeX Warning: Citation `ren2005consensus' on page 2 undefined on input line 109.


LaTeX Warning: Citation `tesfatsion2006' on page 2 undefined on input line 109.


LaTeX Warning: Citation `wang2021' on page 2 undefined on input line 109.


LaTeX Warning: Citation `tran2020forecasting' on page 2 undefined on input line 111.


LaTeX Warning: Citation `pham2023lstm' on page 2 undefined on input line 111.

<notaglinelogo.png, id=16, 169.38281pt x 42.91031pt>
File: notaglinelogo.png Graphic file (type png)
<use notaglinelogo.png>
Package pdftex.def Info: notaglinelogo.png  used on input line 112.
(pdftex.def)             Requested size: 91.32pt x 23.1352pt.

LaTeX Font Warning: Font shape `T1/formata/m/sl' undefined
(Font)              using `T1/formata/m/it' instead on input line 112.


Overfull \hbox (505.12177pt too wide) has occurred while \output is active
[]
 []


Overfull \hbox (505.12177pt too wide) has occurred while \output is active
[]
 []


Underfull \hbox (badness 10000) has occurred while \output is active
[]
 []

[2 <./notaglinelogo.png>]

LaTeX Warning: Citation `kim2003' on page 3 undefined on input line 116.


LaTeX Warning: Citation `huang2005' on page 3 undefined on input line 116.


LaTeX Warning: Citation `patel2015' on page 3 undefined on input line 116.


LaTeX Warning: Citation `fischer2018' on page 3 undefined on input line 116.


LaTeX Warning: Citation `chen2015' on page 3 undefined on input line 116.


LaTeX Warning: Citation `lebaron2006' on page 3 undefined on input line 118.


LaTeX Warning: Citation `chen2012' on page 3 undefined on input line 118.


LaTeX Warning: Citation `tesfatsion2006' on page 3 undefined on input line 118.


LaTeX Warning: Citation `wang2021' on page 3 undefined on input line 118.


Underfull \hbox (badness 1789) in paragraph at lines 118--119
\T1/times/n/n/10 Multi-Agent Sys-tems, in con-trast to tra-di-tional ma-chine
 []


LaTeX Warning: Citation `lebaron2006' on page 3 undefined on input line 121.


LaTeX Warning: Citation `tesfatsion2006' on page 3 undefined on input line 121.


LaTeX Warning: Citation `chen2012' on page 3 undefined on input line 122.


LaTeX Warning: Citation `wang2021' on page 3 undefined on input line 122.


LaTeX Warning: Citation `olfati2007consensus' on page 3 undefined on input line 124.


LaTeX Warning: Citation `ren2005consensus' on page 3 undefined on input line 124.


Underfull \hbox (badness 1406) in paragraph at lines 124--125
[]\T1/times/n/n/10 Recent ad-vance-ments in fi-nan-cial mod-el-ing have wit-
 []


Underfull \hbox (badness 1748) in paragraph at lines 128--129
\T1/times/n/n/10 net-works to cap-ture tem-po-ral de-pen-den-cies in his-tor-i-cal
 []

<anh/overallmain.png, id=25, 2023.56pt x 2119.92pt>
File: anh/overallmain.png Graphic file (type png)
<use anh/overallmain.png>
Package pdftex.def Info: anh/overallmain.png  used on input line 134.
(pdftex.def)             Requested size: 218.40471pt x 228.79268pt.

LaTeX Font Warning: Font shape `T1/formata/m/sl' undefined
(Font)              using `T1/formata/m/it' instead on input line 140.

File: notaglinelogo.png Graphic file (type png)
<use notaglinelogo.png>
Package pdftex.def Info: notaglinelogo.png  used on input line 140.
(pdftex.def)             Requested size: 91.32pt x 23.1352pt.

Overfull \hbox (505.12177pt too wide) has occurred while \output is active
[]
 []


Overfull \hbox (505.12177pt too wide) has occurred while \output is active
[]
 []


Underfull \hbox (badness 10000) has occurred while \output is active
[]
 []

[3]
Underfull \hbox (badness 10000) in paragraph at lines 158--162
[]\T1/times/b/n/10 PricePredictor: \T1/times/n/n/10 Em-ploys a two-stage fore-cast-ing
 []


Underfull \hbox (badness 3460) in paragraph at lines 158--162
\T1/times/n/n/10 (OHLCV, LSTM/Transformer out-put, RSI, MACD,
 []

LaTeX Font Info:    Trying to load font information for T1+pcr on input line 195.
(C:\Users\HP\AppData\Local\Programs\MiKTeX\tex/latex/psnfss\t1pcr.fd
File: t1pcr.fd 2001/06/04 font definitions for T1/pcr.
)

LaTeX Font Warning: Font shape `T1/pcr/n/n' undefined
(Font)              using `T1/pcr/m/n' instead on input line 195.


Underfull \hbox (badness 2529) in paragraph at lines 194--198
[]\T1/times/b/n/10 InvestmentExpert: \T1/times/n/n/10 Con-ducts com-pre-hen-sive fun-da-
 []


Underfull \hbox (badness 6641) in paragraph at lines 207--208
[] [] \T1/times/n/n/10 De-ter-mine in-trin-sic value bias based on mean-
 []


Underfull \vbox (badness 10000) has occurred while \output is active []

File: notaglinelogo.png Graphic file (type png)
<use notaglinelogo.png>
Package pdftex.def Info: notaglinelogo.png  used on input line 215.
(pdftex.def)             Requested size: 91.32pt x 23.1352pt.


LaTeX Font Warning: Font shape `T1/formata/m/sl' undefined
(Font)              using `T1/formata/m/it' instead on input line 215.


Overfull \hbox (505.12177pt too wide) has occurred while \output is active
[]
 []


Overfull \hbox (505.12177pt too wide) has occurred while \output is active
[]
 []


Underfull \hbox (badness 10000) has occurred while \output is active
[]
 []

[4{C:/Users/HP/AppData/Local/Programs/MiKTeX/fonts/enc/dvips/base/8r.enc} <./anh/overallmain.png (PNG copy)>]
Overfull \hbox (15.00114pt too wide) in paragraph at lines 235--236
[] [] \T1/times/n/n/10 Re-turn $\OMS/cmsy/m/n/10 f\T1/times/m/it/10 risk[]level\OML/cmm/m/it/10 ; \T1/times/m/it/10 position[]size\OML/cmm/m/it/10 ; \T1/times/m/it/10 con^^\dence\OML/cmm/m/it/10 ; \T1/times/m/it/10 risk[]^^]ags\OMS/cmsy/m/n/10 g$\T1/times/n/n/10 . 
 []


Underfull \vbox (badness 10000) has occurred while \output is active []


Underfull \hbox (badness 5133) in paragraph at lines 249--250
[] [] \T1/times/n/n/10 To-k-enize news head-lines/summaries and map to
 []


Overfull \hbox (18.57607pt too wide) in paragraph at lines 258--259
[] [] \T1/times/n/n/10 Re-turn $\OMS/cmsy/m/n/10 f\T1/times/m/it/10 sentiment\OML/cmm/m/it/10 ; \T1/times/m/it/10 impact[]score\OML/cmm/m/it/10 ; \T1/times/m/it/10 con^^\dence\OML/cmm/m/it/10 ; \T1/times/m/it/10 key[]events\OMS/cmsy/m/n/10 g$\T1/times/n/n/10 . 
 []


Underfull \hbox (badness 1817) in paragraph at lines 262--267
\T1/times/n/n/10 and \T1/pcr/n/n/10 market_pressure\T1/times/n/n/10 ) func-tion as regime-level
 []


Underfull \hbox (badness 3612) in paragraph at lines 262--267
\T1/times/n/n/10 ON/RISK-OFF/NEUTRAL), mar-ket_pressure, con-fi-
 []


LaTeX Font Warning: Font shape `T1/formata/m/sl' undefined
(Font)              using `T1/formata/m/it' instead on input line 267.

File: notaglinelogo.png Graphic file (type png)
<use notaglinelogo.png>
Package pdftex.def Info: notaglinelogo.png  used on input line 267.
(pdftex.def)             Requested size: 91.32pt x 23.1352pt.

Overfull \hbox (505.12177pt too wide) has occurred while \output is active
[]
 []


Overfull \hbox (505.12177pt too wide) has occurred while \output is active
[]
 []


Underfull \hbox (badness 10000) has occurred while \output is active
[]
 []

[5]
Overfull \hbox (64.42104pt too wide) in paragraph at lines 281--282
[] [] \T1/times/n/n/10 Re-turn $\OMS/cmsy/m/n/10 f\T1/times/m/it/10 macro[]regime\OML/cmm/m/it/10 ; \T1/times/m/it/10 market[]pressure\OML/cmm/m/it/10 ; \T1/times/m/it/10 con^^\dence\OML/cmm/m/it/10 ; \T1/times/m/it/10 macro[]factors\OMS/cmsy/m/n/10 g$\T1/times/n/n/10 . 
 []


Underfull \hbox (badness 10000) in paragraph at lines 303--304
[] [] \T1/times/n/n/10 Map $\T1/times/m/it/10 S[]$ \T1/times/n/n/10 to \T1/pcr/n/n/10 execution_advice $\OMS/cmsy/m/n/10 2
 []


Overfull \hbox (12.8817pt too wide) in paragraph at lines 305--306
[] [] \T1/times/n/n/10 Re-turn $\OMS/cmsy/m/n/10 f\T1/times/m/it/10 feasibility[]score\OML/cmm/m/it/10 ; \T1/times/m/it/10 execution[]advice\OML/cmm/m/it/10 ; \T1/times/m/it/10 con^^\dence\OMS/cmsy/m/n/10 g$\T1/times/n/n/10 . 
 []


LaTeX Warning: Reference `tab:llm_comparison_summary_en' on page 6 undefined on input line 314.


LaTeX Warning: `!h' float specifier changed to `!ht'.

File: notaglinelogo.png Graphic file (type png)
<use notaglinelogo.png>
Package pdftex.def Info: notaglinelogo.png  used on input line 342.
(pdftex.def)             Requested size: 91.32pt x 23.1352pt.

LaTeX Font Warning: Font shape `T1/formata/m/sl' undefined
(Font)              using `T1/formata/m/it' instead on input line 342.


Overfull \hbox (505.12177pt too wide) has occurred while \output is active
[]
 []


Overfull \hbox (505.12177pt too wide) has occurred while \output is active
[]
 []


Underfull \hbox (badness 10000) has occurred while \output is active
[]
 []

[6]
Underfull \hbox (badness 2653) in paragraph at lines 342--343
\T1/times/n/n/10 level sen-ti-ment and event im-pact), \T1/times/m/it/10 Mar-ket-News \T1/times/n/n/10 (macro
 []


Underfull \hbox (badness 1365) in paragraph at lines 342--343
\T1/pcr/n/n/10 price_feat\T1/times/n/n/10 ), while each spe-cial-ized agent trans-forms
 []


LaTeX Warning: Citation `tesfatsion2006' on page 7 undefined on input line 348.


LaTeX Warning: Citation `lebaron2006' on page 7 undefined on input line 348.

<anh/hiemain.png, id=45, 2023.56pt x 2119.92pt>
File: anh/hiemain.png Graphic file (type png)
<use anh/hiemain.png>
Package pdftex.def Info: anh/hiemain.png  used on input line 352.
(pdftex.def)             Requested size: 218.40471pt x 228.79268pt.

Underfull \vbox (badness 10000) has occurred while \output is active []


Underfull \hbox (badness 10000) in paragraph at lines 365--368
[]\T1/times/b/n/10 LSTM Foun-da-tion Mod-el-ing: \T1/times/n/n/10 An LSTM-based
 []


Overfull \hbox (22.45985pt too wide) in paragraph at lines 365--368
\T1/times/n/n/10 model gen-er-ates a base-line fore-cast $\OMS/cmsy/m/n/10 f\T1/times/m/it/10 P[]\OT1/cmr/m/n/10 (\T1/times/m/it/10 t\OML/cmm/m/it/10 ; \T1/times/m/it/10 h\OT1/cmr/m/n/10 )\OMS/cmsy/m/n/10 g[]$\T1/times/n/n/10 ,
 []


Underfull \hbox (badness 10000) in paragraph at lines 372--374
[]\T1/times/b/n/10 Validation, Con-flict Res-o-lu-tion, and Ag-gre-ga-
 []


Underfull \hbox (badness 3439) in paragraph at lines 372--374
\T1/times/n/n/10 age, de-tects in-con-sis-ten-cies (e.g., di-rec-tional con-
 []


Underfull \hbox (badness 7576) in paragraph at lines 372--374
\T1/times/n/n/10 flict be-tween tech-ni-cal/fundamental/sentiment sig-
 []


Underfull \hbox (badness 10000) in paragraph at lines 372--374
\T1/times/n/n/10 nals or risk flags in-com-pat-i-ble with the fore-
 []


Underfull \hbox (badness 10000) in paragraph at lines 372--374
\T1/times/n/n/10 cast stance), and re-solves them by reliability-
 []


Underfull \hbox (badness 4144) in paragraph at lines 372--374
\T1/times/n/n/10 aware reweight-ing. In this pro-cess, all non-price
 []


Underfull \hbox (badness 2343) in paragraph at lines 372--374
\T1/times/m/it/10 pert \T1/times/n/n/10 via \T1/pcr/n/n/10 risk_level\T1/times/n/n/10 /\T1/pcr/n/n/10 risk_flags\T1/times/n/n/10 , \T1/times/m/it/10 Tick-erNews
 []


Underfull \hbox (badness 2035) in paragraph at lines 372--374
\T1/pcr/n/n/10 macro_regime\T1/times/n/n/10 /\T1/pcr/n/n/10 market_pressure\T1/times/n/n/10 , and \T1/times/m/it/10 Stock-
 []


LaTeX Font Warning: Font shape `T1/formata/m/sl' undefined
(Font)              using `T1/formata/m/it' instead on input line 374.

File: notaglinelogo.png Graphic file (type png)
<use notaglinelogo.png>
Package pdftex.def Info: notaglinelogo.png  used on input line 374.
(pdftex.def)             Requested size: 91.32pt x 23.1352pt.

Overfull \hbox (505.12177pt too wide) has occurred while \output is active
[]
 []


Overfull \hbox (505.12177pt too wide) has occurred while \output is active
[]
 []


Underfull \hbox (badness 10000) has occurred while \output is active
[]
 []

[7 <./anh/hiemain.png (PNG copy)>]
Underfull \hbox (badness 3199) in paragraph at lines 388--389
[] [] \T1/times/n/n/10 com-pare di-rec-tional sig-nals and risk flags across
 []


Underfull \hbox (badness 3977) in paragraph at lines 391--392
[] []\T1/times/b/n/10 Fuse: \T1/times/n/n/10 ag-gre-gate expert-adjusted fore-casts to ob-tain
 []


LaTeX Warning: Citation `wang2021' on page 8 undefined on input line 398.


LaTeX Warning: Citation `tesfatsion2006' on page 8 undefined on input line 398.


LaTeX Warning: Citation `lebaron2006' on page 8 undefined on input line 398.


LaTeX Warning: Citation `chen2012' on page 8 undefined on input line 398.

<anh/rrmain.png, id=50, 2152.04pt x 1991.44pt>
File: anh/rrmain.png Graphic file (type png)
<use anh/rrmain.png>
Package pdftex.def Info: anh/rrmain.png  used on input line 403.
(pdftex.def)             Requested size: 218.40471pt x 202.1032pt.

Underfull \vbox (badness 10000) has occurred while \output is active []


Underfull \hbox (badness 10000) in paragraph at lines 417--418
\T1/times/m/it/10 vest-ment-Ex-pert \T1/times/n/n/10 (fun-da-men-tal met-rics), \T1/times/m/it/10 RiskEx-pert
 []

File: notaglinelogo.png Graphic file (type png)
<use notaglinelogo.png>
Package pdftex.def Info: notaglinelogo.png  used on input line 422.
(pdftex.def)             Requested size: 91.32pt x 23.1352pt.

LaTeX Font Warning: Font shape `T1/formata/m/sl' undefined
(Font)              using `T1/formata/m/it' instead on input line 422.


Overfull \hbox (505.12177pt too wide) has occurred while \output is active
[]
 []


Overfull \hbox (505.12177pt too wide) has occurred while \output is active
[]
 []


Underfull \hbox (badness 10000) has occurred while \output is active
[]
 []

[8 <./anh/rrmain.png (PNG copy)>]

LaTeX Warning: Citation `li2022' on page 9 undefined on input line 426.

<anh/emmain.png, id=54, 2023.56pt x 2119.92pt>
File: anh/emmain.png Graphic file (type png)
<use anh/emmain.png>
Package pdftex.def Info: anh/emmain.png  used on input line 430.
(pdftex.def)             Requested size: 218.39302pt x 170.69687pt.

LaTeX Warning: Reference `eq:agent_score' on page 9 undefined on input line 478.


LaTeX Warning: Reference `eq:smoothed_weight' on page 9 undefined on input line 478.


LaTeX Warning: Citation `McAndrew2021' on page 9 undefined on input line 478.


LaTeX Warning: Citation `Lu2023' on page 9 undefined on input line 478.


LaTeX Warning: Citation `McAndrew2021' on page 9 undefined on input line 479.


LaTeX Warning: Citation `Lu2023' on page 9 undefined on input line 479.


LaTeX Warning: Citation `li2022' on page 9 undefined on input line 479.


LaTeX Warning: Citation `wang2021' on page 9 undefined on input line 504.


LaTeX Warning: Citation `li2022' on page 9 undefined on input line 504.


LaTeX Warning: Reference `eq:dynamic_weight' on page 9 undefined on input line 504.


LaTeX Warning: Reference `eq:consensus' on page 9 undefined on input line 504.


LaTeX Warning: Reference `eq:ensemble_forecast' on page 9 undefined on input line 505.


LaTeX Warning: Reference `eq:consensus' on page 9 undefined on input line 505.


LaTeX Warning: Citation `wang2021' on page 9 undefined on input line 505.


LaTeX Warning: Citation `li2022' on page 9 undefined on input line 505.


LaTeX Font Warning: Font shape `T1/formata/m/sl' undefined
(Font)              using `T1/formata/m/it' instead on input line 506.

File: notaglinelogo.png Graphic file (type png)
<use notaglinelogo.png>
Package pdftex.def Info: notaglinelogo.png  used on input line 506.
(pdftex.def)             Requested size: 91.32pt x 23.1352pt.

Overfull \hbox (505.12177pt too wide) has occurred while \output is active
[]
 []


Overfull \hbox (505.12177pt too wide) has occurred while \output is active
[]
 []


Underfull \hbox (badness 10000) has occurred while \output is active
[]
 []

[9 <./anh/emmain.png (PNG copy)>]

LaTeX Warning: Citation `TinNhanhChungkhoan2025' on page 10 undefined on input line 532.


LaTeX Warning: Citation `WorldBank2024' on page 10 undefined on input line 532.


LaTeX Warning: Citation `Yuanta2025' on page 10 undefined on input line 532.

File: notaglinelogo.png Graphic file (type png)
<use notaglinelogo.png>
Package pdftex.def Info: notaglinelogo.png  used on input line 562.
(pdftex.def)             Requested size: 91.32pt x 23.1352pt.

LaTeX Font Warning: Font shape `T1/formata/m/sl' undefined
(Font)              using `T1/formata/m/it' instead on input line 562.


Overfull \hbox (505.12177pt too wide) has occurred while \output is active
[]
 []


Overfull \hbox (505.12177pt too wide) has occurred while \output is active
[]
 []


Underfull \hbox (badness 10000) has occurred while \output is active
[]
 []

[10]

LaTeX Warning: Citation `willmott2005advantages' on page 11 undefined on input line 563.


LaTeX Warning: Citation `chai2014root' on page 11 undefined on input line 563.


LaTeX Warning: Citation `hyndman2006another' on page 11 undefined on input line 563.


LaTeX Warning: Citation `TinNhanhChungkhoan2025' on page 11 undefined on input line 566.


LaTeX Warning: Citation `almgren2001optimal' on page 11 undefined on input line 577.


LaTeX Warning: Citation `magdon2004maxdrawdown' on page 11 undefined on input line 588.


Underfull \hbox (badness 2165) in paragraph at lines 598--599
[] [] \T1/times/n/n/10 Up-date port-fo-lio value $\T1/times/m/it/10 V\OT1/cmr/m/n/10 (\OML/cmm/m/it/10 ^^\\OT1/cmr/m/n/10 )$ \T1/times/n/n/10 in-clud-ing trans-ac-tion
 []


Underfull \hbox (badness 2065) in paragraph at lines 605--606
\T1/times/n/n/10 This sec-tion com-pares the co-or-di-na-tion ef-fec-tive-ness of
 []


Underfull \hbox (badness 4060) in paragraph at lines 605--606
\T1/times/n/n/10 term, and long-term fore-cast-ing hori-zons in Viet-nam's
 []


LaTeX Font Warning: Font shape `T1/formata/m/sl' undefined
(Font)              using `T1/formata/m/it' instead on input line 606.

File: notaglinelogo.png Graphic file (type png)
<use notaglinelogo.png>
Package pdftex.def Info: notaglinelogo.png  used on input line 606.
(pdftex.def)             Requested size: 91.32pt x 23.1352pt.

Overfull \hbox (505.12177pt too wide) has occurred while \output is active
[]
 []


Overfull \hbox (505.12177pt too wide) has occurred while \output is active
[]
 []


Underfull \hbox (badness 10000) has occurred while \output is active
[]
 []

[11]
File: notaglinelogo.png Graphic file (type png)
<use notaglinelogo.png>
Package pdftex.def Info: notaglinelogo.png  used on input line 606.
(pdftex.def)             Requested size: 91.32pt x 23.1352pt.


LaTeX Font Warning: Font shape `T1/formata/m/sl' undefined
(Font)              using `T1/formata/m/it' instead on input line 606.


Overfull \hbox (505.12177pt too wide) has occurred while \output is active
[]
 []


Overfull \hbox (505.12177pt too wide) has occurred while \output is active
[]
 []


Underfull \hbox (badness 10000) has occurred while \output is active
[]
 []

[12

]

LaTeX Font Warning: Font shape `T1/formata/m/sl' undefined
(Font)              using `T1/formata/m/it' instead on input line 836.

File: notaglinelogo.png Graphic file (type png)
<use notaglinelogo.png>
Package pdftex.def Info: notaglinelogo.png  used on input line 836.
(pdftex.def)             Requested size: 91.32pt x 23.1352pt.

Overfull \hbox (505.12177pt too wide) has occurred while \output is active
[]
 []


Overfull \hbox (505.12177pt too wide) has occurred while \output is active
[]
 []


Underfull \hbox (badness 10000) has occurred while \output is active
[]
 []

[13


]
File: notaglinelogo.png Graphic file (type png)
<use notaglinelogo.png>
Package pdftex.def Info: notaglinelogo.png  used on input line 914.
(pdftex.def)             Requested size: 91.32pt x 23.1352pt.


LaTeX Font Warning: Font shape `T1/formata/m/sl' undefined
(Font)              using `T1/formata/m/it' instead on input line 914.


Overfull \hbox (505.12177pt too wide) has occurred while \output is active
[]
 []


Overfull \hbox (505.12177pt too wide) has occurred while \output is active
[]
 []


Underfull \hbox (badness 10000) has occurred while \output is active
[]
 []

[14


]
<anh/main/dxg.png, id=74, 1293.633pt x 642.4803pt>
File: anh/main/dxg.png Graphic file (type png)
<use anh/main/dxg.png>
Package pdftex.def Info: anh/main/dxg.png  used on input line 1040.
(pdftex.def)             Requested size: 116.48116pt x 99.5834pt.
<anh/main/fpt.png, id=76, 1293.633pt x 642.4803pt>
File: anh/main/fpt.png Graphic file (type png)
<use anh/main/fpt.png>
Package pdftex.def Info: anh/main/fpt.png  used on input line 1047.
(pdftex.def)             Requested size: 116.48116pt x 99.5834pt.
<anh/main/vcb.png, id=77, 1293.633pt x 642.4803pt>
File: anh/main/vcb.png Graphic file (type png)
<use anh/main/vcb.png>
Package pdftex.def Info: anh/main/vcb.png  used on input line 1056.
(pdftex.def)             Requested size: 116.48116pt x 99.5834pt.
<anh/main/vcs.png, id=78, 1293.633pt x 642.4803pt>
File: anh/main/vcs.png Graphic file (type png)
<use anh/main/vcs.png>
Package pdftex.def Info: anh/main/vcs.png  used on input line 1063.
(pdftex.def)             Requested size: 116.48116pt x 99.5834pt.
<anh/main/dxgmedium.png, id=79, 1292.9103pt x 642.4803pt>
File: anh/main/dxgmedium.png Graphic file (type png)
<use anh/main/dxgmedium.png>
Package pdftex.def Info: anh/main/dxgmedium.png  used on input line 1076.
(pdftex.def)             Requested size: 116.47527pt x 99.5834pt.
<anh/main/fptmedium.png, id=80, 1292.9103pt x 642.4803pt>
File: anh/main/fptmedium.png Graphic file (type png)
<use anh/main/fptmedium.png>
Package pdftex.def Info: anh/main/fptmedium.png  used on input line 1083.
(pdftex.def)             Requested size: 116.47527pt x 99.5834pt.
<anh/main/vcbmedium.png, id=81, 1293.633pt x 642.4803pt>
File: anh/main/vcbmedium.png Graphic file (type png)
<use anh/main/vcbmedium.png>
Package pdftex.def Info: anh/main/vcbmedium.png  used on input line 1092.
(pdftex.def)             Requested size: 116.48116pt x 99.5834pt.
<anh/main/vcsmedium.png, id=82, 1293.633pt x 642.4803pt>
File: anh/main/vcsmedium.png Graphic file (type png)
<use anh/main/vcsmedium.png>
Package pdftex.def Info: anh/main/vcsmedium.png  used on input line 1099.
(pdftex.def)             Requested size: 116.48116pt x 99.5834pt.

Underfull \hbox (badness 3439) in paragraph at lines 1104--1104
[]\T1/times/n/n/10 FIGURE 6: |Medium-term Fore-cast Com-par-i-son Across
 []


LaTeX Warning: `!h' float specifier changed to `!ht'.


LaTeX Font Warning: Font shape `T1/formata/m/sl' undefined
(Font)              using `T1/formata/m/it' instead on input line 1107.

File: notaglinelogo.png Graphic file (type png)
<use notaglinelogo.png>
Package pdftex.def Info: notaglinelogo.png  used on input line 1107.
(pdftex.def)             Requested size: 91.32pt x 23.1352pt.

Overfull \hbox (505.12177pt too wide) has occurred while \output is active
[]
 []


Overfull \hbox (505.12177pt too wide) has occurred while \output is active
[]
 []


Underfull \hbox (badness 10000) has occurred while \output is active
[]
 []

[15

 <./anh/main/dxg.png> <./anh/main/fpt.png> <./anh/main/vcb.png> <./anh/main/vcs.png>]
<anh/main/dxglong.png, id=90, 1293.633pt x 642.4803pt>
File: anh/main/dxglong.png Graphic file (type png)
<use anh/main/dxglong.png>
Package pdftex.def Info: anh/main/dxglong.png  used on input line 1112.
(pdftex.def)             Requested size: 116.48116pt x 99.5834pt.
<anh/main/fptlong.png, id=91, 1293.633pt x 642.4803pt>
File: anh/main/fptlong.png Graphic file (type png)
<use anh/main/fptlong.png>
Package pdftex.def Info: anh/main/fptlong.png  used on input line 1119.
(pdftex.def)             Requested size: 116.48116pt x 99.5834pt.
<anh/main/vcblong.png, id=92, 1293.633pt x 642.4803pt>
File: anh/main/vcblong.png Graphic file (type png)
<use anh/main/vcblong.png>
Package pdftex.def Info: anh/main/vcblong.png  used on input line 1128.
(pdftex.def)             Requested size: 116.48116pt x 99.5834pt.
<anh/main/vcslong.png, id=93, 1293.633pt x 642.4803pt>
File: anh/main/vcslong.png Graphic file (type png)
<use anh/main/vcslong.png>
Package pdftex.def Info: anh/main/vcslong.png  used on input line 1135.
(pdftex.def)             Requested size: 116.48116pt x 99.5834pt.

Underfull \hbox (badness 2762) in paragraph at lines 1145--1146
\T1/times/n/n/10 To ad-dress RQ3, we com-pare multi-agent ar-chi-tec-tures
 []

<anh/rq3/dxg.png, id=94, 1003.8303pt x 498.663pt>
File: anh/rq3/dxg.png Graphic file (type png)
<use anh/rq3/dxg.png>
Package pdftex.def Info: anh/rq3/dxg.png  used on input line 1151.
(pdftex.def)             Requested size: 116.47197pt x 91.04898pt.
<anh/rq3/fpt.png, id=95, 1003.8303pt x 498.663pt>
File: anh/rq3/fpt.png Graphic file (type png)
<use anh/rq3/fpt.png>
Package pdftex.def Info: anh/rq3/fpt.png  used on input line 1158.
(pdftex.def)             Requested size: 116.47197pt x 91.04898pt.
<anh/rq3/vcb.png, id=96, 1003.8303pt x 498.663pt>
File: anh/rq3/vcb.png Graphic file (type png)
<use anh/rq3/vcb.png>
Package pdftex.def Info: anh/rq3/vcb.png  used on input line 1167.
(pdftex.def)             Requested size: 116.47197pt x 91.04898pt.
<anh/rq3/vcs.png, id=97, 1003.8303pt x 498.663pt>
File: anh/rq3/vcs.png Graphic file (type png)
<use anh/rq3/vcs.png>
Package pdftex.def Info: anh/rq3/vcs.png  used on input line 1174.
(pdftex.def)             Requested size: 116.47197pt x 91.04898pt.

Underfull \vbox (badness 2027) has occurred while \output is active []


Underfull \hbox (badness 1521) in paragraph at lines 1236--1237
\T1/times/n/n/10 achieved the low-est er-ror (MAE: 1.10; MAPE: 1.92%),
 []

File: notaglinelogo.png Graphic file (type png)
<use notaglinelogo.png>
Package pdftex.def Info: notaglinelogo.png  used on input line 1240.
(pdftex.def)             Requested size: 91.32pt x 23.1352pt.

LaTeX Font Warning: Font shape `T1/formata/m/sl' undefined
(Font)              using `T1/formata/m/it' instead on input line 1240.


Overfull \hbox (505.12177pt too wide) has occurred while \output is active
[]
 []


Overfull \hbox (505.12177pt too wide) has occurred while \output is active
[]
 []


Underfull \hbox (badness 10000) has occurred while \output is active
[]
 []

[16 <./anh/main/dxgmedium.png> <./anh/main/fptmedium.png> <./anh/main/vcbmedium.png> <./anh/main/vcsmedium.png> <./anh/main/dxglong.png> <./anh/main/fptlong.png> <./anh/main/vcblong.png> <./anh/main/vcslong.png> <./anh/rq3/dxg.png> <./anh/rq3/fpt.png> <./anh/rq3/vcb.png> <./anh/rq3/vcs.png>]

LaTeX Warning: Citation `dietterich2000ensemble' on page 17 undefined on input line 1267.


LaTeX Warning: Citation `campbell1997stock' on page 17 undefined on input line 1267.


LaTeX Warning: Citation `guidolin2007asset' on page 17 undefined on input line 1267.


Underfull \hbox (badness 2197) in paragraph at lines 1267--1268
\T1/times/n/n/10 DXG (10.0%), val-i-dat-ing en-sem-ble learn-ing the-ory [\T1/times/b/n/10 ?\T1/times/n/n/10 ].
 []


Underfull \hbox (badness 2762) in paragraph at lines 1267--1268
\T1/times/n/n/10 Short-term pre-dic-tions (3-day) ex-hibit stock-specific ar-
 []


Underfull \hbox (badness 1490) in paragraph at lines 1267--1268
\T1/times/n/n/10 DXG (19.1%) and FPT (4.6%), Round Robin for VCS
 []


LaTeX Warning: Citation `kenton2019bert' on page 17 undefined on input line 1269.


LaTeX Warning: Citation `tetlock2007giving' on page 17 undefined on input line 1269.


LaTeX Font Warning: Font shape `T1/formata/m/sl' undefined
(Font)              using `T1/formata/m/it' instead on input line 1271.

File: notaglinelogo.png Graphic file (type png)
<use notaglinelogo.png>
Package pdftex.def Info: notaglinelogo.png  used on input line 1271.
(pdftex.def)             Requested size: 91.32pt x 23.1352pt.

Overfull \hbox (505.12177pt too wide) has occurred while \output is active
[]
 []


Overfull \hbox (505.12177pt too wide) has occurred while \output is active
[]
 []


Underfull \hbox (badness 10000) has occurred while \output is active
[]
 []

[17]

LaTeX Warning: Citation `hansen2001neural' on page 18 undefined on input line 1272.


LaTeX Warning: Citation `gama2014survey' on page 18 undefined on input line 1272.


LaTeX Warning: Citation `bommasani2021foundation' on page 18 undefined on input line 1272.


LaTeX Warning: Citation `brown2020language' on page 18 undefined on input line 1272.


LaTeX Warning: Citation `arrieta2020explainable' on page 18 undefined on input line 1272.


Underfull \hbox (badness 10000) in paragraph at lines 1272--1273
\T1/times/n/n/10 This study pro-vides em-pir-i-cal ev-i-dence for horizon-
 []


Underfull \hbox (badness 1490) in paragraph at lines 1280--1281
\T1/times/m/it/10 Ensemble Vot-ing \T1/times/n/n/10 con-sis-tently demon-strated su-pe-rior per-
 []


Underfull \hbox (badness 4981) in paragraph at lines 1283--1284
\T1/times/n/n/10 Hierarchical ar-chi-tec-ture proved ad-van-ta-geous in high-
 []


Underfull \hbox (badness 1436) in paragraph at lines 1292--1293
\T1/times/n/n/10 base-lines and out-per-form Single-Agent con-fig-u-ra-tions in
 []


Underfull \hbox (badness 1975) in paragraph at lines 1292--1293
\T1/times/n/n/10 nounced am-pli-tude dis-tor-tion. Single-Agent ar-chi-tec-tures
 []


LaTeX Warning: Citation `phan2015stock' on page 18 undefined on input line 1300.


Underfull \hbox (badness 5460) in paragraph at lines 1309--1310
[]\T1/times/b/n/10 Intraday tim-ing con-straints: \T1/times/n/n/10 Viet-namese stock ex-
 []

File: notaglinelogo.png Graphic file (type png)
<use notaglinelogo.png>
Package pdftex.def Info: notaglinelogo.png  used on input line 1310.
(pdftex.def)             Requested size: 91.32pt x 23.1352pt.

LaTeX Font Warning: Font shape `T1/formata/m/sl' undefined
(Font)              using `T1/formata/m/it' instead on input line 1310.


Overfull \hbox (505.12177pt too wide) has occurred while \output is active
[]
 []


Overfull \hbox (505.12177pt too wide) has occurred while \output is active
[]
 []


Underfull \hbox (badness 10000) has occurred while \output is active
[]
 []

[18]

LaTeX Warning: Citation `qiu2020pre' on page 19 undefined on input line 1320.


LaTeX Warning: Citation `cont2001empirical' on page 19 undefined on input line 1322.


Underfull \hbox (badness 1655) in paragraph at lines 1328--1329
\T1/times/n/n/10 (14 days), \T1/times/m/it/10 En-sem-ble Vot-ing \T1/times/n/n/10 con-sis-tently achieves ro-bust
 []


LaTeX Font Warning: Font shape `T1/formata/m/sl' undefined
(Font)              using `T1/formata/m/it' instead on input line 1333.

File: notaglinelogo.png Graphic file (type png)
<use notaglinelogo.png>
Package pdftex.def Info: notaglinelogo.png  used on input line 1333.
(pdftex.def)             Requested size: 91.32pt x 23.1352pt.

Overfull \hbox (505.12177pt too wide) has occurred while \output is active
[]
 []


Overfull \hbox (505.12177pt too wide) has occurred while \output is active
[]
 []


Underfull \hbox (badness 10000) has occurred while \output is active
[]
 []

[19]
Underfull \hbox (badness 1466) in paragraph at lines 1334--1335
[]\T1/times/n/n/10 In sum-mary, this work con-tributes a \T1/times/m/it/10 horizon-adaptive
 []

No file demo.bbl.
<anh/tacgia/duong.jpg, id=123, 562.35094pt x 770.88pt>
File: anh/tacgia/duong.jpg Graphic file (type jpg)
<use anh/tacgia/duong.jpg>
Package pdftex.def Info: anh/tacgia/duong.jpg  used on input line 1344.
(pdftex.def)             Requested size: 65.90033pt x 90.33728pt.
File: anh/tacgia/duong.jpg Graphic file (type jpg)
<use anh/tacgia/duong.jpg>
Package pdftex.def Info: anh/tacgia/duong.jpg  used on input line 1344.
(pdftex.def)             Requested size: 65.90033pt x 90.33728pt.

Underfull \hbox (badness 1515) in paragraph at lines 1344--1345
\T1/times/n/n/8 learn-ing ap-pli-ca-tions in fi-nan-cial mar-kets, and
 []

<anh/tacgia/dat.jpg, id=126, 632.3625pt x 948.54375pt>
File: anh/tacgia/dat.jpg Graphic file (type jpg)
<use anh/tacgia/dat.jpg>
Package pdftex.def Info: anh/tacgia/dat.jpg  used on input line 1347.
(pdftex.def)             Requested size: 60.21979pt x 90.3297pt.
File: anh/tacgia/dat.jpg Graphic file (type jpg)
<use anh/tacgia/dat.jpg>
Package pdftex.def Info: anh/tacgia/dat.jpg  used on input line 1347.
(pdftex.def)             Requested size: 60.21979pt x 90.3297pt.
File: bullet.png Graphic file (type png)
<use bullet.png>
Package pdftex.def Info: bullet.png  used on input line 1351.
(pdftex.def)             Requested size: 5.0pt x 14.6871pt.
File: notaglinelogo.png Graphic file (type png)
<use notaglinelogo.png>
Package pdftex.def Info: notaglinelogo.png  used on input line 1352.
(pdftex.def)             Requested size: 91.32pt x 23.1352pt.

LaTeX Font Warning: Font shape `T1/formata/m/sl' undefined
(Font)              using `T1/formata/m/it' instead on input line 1352.


Overfull \hbox (505.12177pt too wide) has occurred while \output is active
[]
 []


Overfull \hbox (505.12177pt too wide) has occurred while \output is active
[]
 []


Underfull \hbox (badness 10000) has occurred while \output is active
[]
 []

[20

 <./anh/tacgia/duong.jpg> <./anh/tacgia/dat.jpg>] (demo.aux)
 ***********
LaTeX2e <2023-11-01> patch level 1
L3 programming layer <2024-01-04>
 ***********


LaTeX Font Warning: Some font shapes were not available, defaults substituted.


LaTeX Warning: There were undefined references.


LaTeX Warning: Label(s) may have changed. Rerun to get cross-references right.

 ) 
Here is how much of TeX's memory you used:
 6661 strings out of 474485
 112518 string characters out of 5745149
 2009542 words of memory out of 5000000
 28833 multiletter control sequences out of 15000+600000
 639493 words of font info for 171 fonts, out of 8000000 for 9000
 1141 hyphenation exceptions out of 8191
 83i,13n,131p,1648b,569s stack positions out of 10000i,1000n,20000p,200000b,200000s
<C:/Users/HP/AppData/Local/Programs/MiKTeX/fonts/type1/public/amsfonts/cm/cmbx10.pfb><C:/Users/HP/AppData/Local/Programs/MiKTeX/fonts/type1/public/amsfonts/cm/cmex10.pfb><C:/Users/HP/AppData/Local/Programs/MiKTeX/fonts/type1/public/amsfonts/cm/cmmi10.pfb><C:/Users/HP/AppData/Local/Programs/MiKTeX/fonts/type1/public/amsfonts/cm/cmmi7.pfb><C:/Users/HP/AppData/Local/Programs/MiKTeX/fonts/type1/public/amsfonts/cm/cmr10.pfb><C:/Users/HP/AppData/Local/Programs/MiKTeX/fonts/type1/public/amsfonts/cm/cmr7.pfb><C:/Users/HP/AppData/Local/Programs/MiKTeX/fonts/type1/public/amsfonts/cm/cmsy10.pfb><C:/Users/HP/AppData/Local/Programs/MiKTeX/fonts/type1/public/amsfonts/cm/cmsy7.pfb><./t1-formata-bold.pfb><./t1-formata-condmedium.pfb><./t1-formata-italic.pfb><./t1-formata-medium.pfb><./t1-formata-mediumitalic.pfb><./t1-formata-regular.pfb><./t1-giovannistd-bookitalic.pfb><./t1-times-bold.pfb><./t1-times-italic.pfb><./t1-times.pfb><C:/Users/HP/AppData/Local/Programs/MiKTeX/fonts/type1/urw/courier/ucrr8a.pfb>
Output written on demo.pdf (20 pages, 20970219 bytes).
PDF statistics:
 213 PDF objects out of 1000 (max. 8388607)
 0 named destinations out of 1000 (max. 500000)
 158 words of extra memory for PDF output out of 10000 (max. 10000000)

